// Jest Snapshot v1, https://goo.gl/fbAQLP

exports[`TEST notescreen Debe mostrarse correctamente 1`] = `
<div
  className="notes__main-content"
>
  <div
    className="notes__appbar"
  >
    <span>
      28 of august 2020
    </span>
    <input
      id="fileSelector"
      name="file"
      onChange={[Function]}
      style={
        Object {
          "display": "none",
        }
      }
      type="file"
    />
    <div>
      <button
        className="btn"
        onClick={[Function]}
      >
         picture
      </button>
      <button
        className="btn"
        onClick={[Function]}
      >
         save
      </button>
    </div>
  </div>
  <div
    className="notes__content"
  >
    <input
      autoComplete="off"
      className="notes__title-input"
      name="title"
      onChange={[Function]}
      placeholder="some awesome title"
      type="text"
      value="hola"
    />
    <textarea
      className="notes__textarea"
      name="body"
      onChange={[Function]}
      placeholder="what happened today"
      value="mundo"
    />
  </div>
  <button
    className="btn btn-danger"
    onClick={[Function]}
  >
    Delete
  </button>
</div>
`;
