// Jest Snapshot v1, https://goo.gl/fbAQLP

exports[`TEST journalEntry Debe de mostrarse correctamente 1`] = `
<div
  className="journal__entry pointer animate__animated animate__bounce animate__faster"
  key="10"
  onClick={[Function]}
>
  <div
    className="journal__entry-picture"
    style={
      Object {
        "backgroundImage": "url(https://aopsjdaopjd.com.ar/poajsjdaospd.jpg)",
        "backgroundSize": "cover",
      }
    }
  />
  <div
    className="journal__entry-body"
  >
    <p
      className="journal__entry-title"
    >
      hola
    </p>
    <p
      className="journal__entry-content"
    >
      mundo
    </p>
  </div>
  <div
    className="journal__entry-date-box"
  >
    <span>
      Wednesday
    </span>
    <h4>
      31st
    </h4>
  </div>
</div>
`;
